// Jest Snapshot v1, https://goo.gl/fbAQLP

exports[`Form Search Field 1`] = `
<FormRow
  label="Test Select Field Label"
  labelFor="test-field"
>
  <StateManager
    defaultInputValue=""
    defaultMenuIsOpen={false}
    defaultValue={null}
    id="test-field"
    isLoading={false}
    isMulti={true}
    maxMenuHeight={300}
    onChange={[Function]}
    onInputChange={[Function]}
    onMenuScrollToBottom={[Function]}
    options={
      Array [
        Object {
          "label": "Option 1",
          "value": 1,
        },
        Object {
          "label": "Option 2",
          "value": 2,
        },
      ]
    }
  />
</FormRow>
`;
