// Jest Snapshot v1, https://goo.gl/fbAQLP

exports[`Selection - with items. 1`] = `
<UNDEFINED>
  <ol
    className="post-list"
  >
    <WithSelect(SelectionListItem)
      actions={
        Array [
          Object {
            "disabled": true,
            "icon": "arrow-up-alt2",
            "id": "move-post-up",
            "onClick": [Function],
            "text": "Move post up",
          },
          Object {
            "disabled": false,
            "icon": "arrow-down-alt2",
            "id": "move-post-down",
            "onClick": [Function],
            "text": "Move post down",
          },
          Object {
            "icon": "dismiss",
            "id": "remove-post",
            "onClick": [Function],
            "text": "Remove post from selections",
          },
        ]
      }
      postId={1}
      postType="page"
    />
    <WithSelect(SelectionListItem)
      actions={
        Array [
          Object {
            "disabled": false,
            "icon": "arrow-up-alt2",
            "id": "move-post-up",
            "onClick": [Function],
            "text": "Move post up",
          },
          Object {
            "disabled": true,
            "icon": "arrow-down-alt2",
            "id": "move-post-down",
            "onClick": [Function],
            "text": "Move post down",
          },
          Object {
            "icon": "dismiss",
            "id": "remove-post",
            "onClick": [Function],
            "text": "Remove post from selections",
          },
        ]
      }
      postId={2}
      postType="page"
    />
  </ol>
</UNDEFINED>
`;

exports[`Selection - with no items. 1`] = `
<UNDEFINED>
  <p
    className="no-selection"
  >
    Nothing selected
  </p>
</UNDEFINED>
`;
